Archive member included to satisfy reference by file (symbol)

c:/nxp/s32ds_arm_v2018.r1/cross_tools/gcc-6.3-arm32-eabi/bin/../lib/gcc/arm-none-eabi/6.3.1/thumb/v6-m\libgcc.a(_udivsi3.o)
                              ./SDK/rtos/osif/osif_baremetal.o (__aeabi_uidiv)
c:/nxp/s32ds_arm_v2018.r1/cross_tools/gcc-6.3-arm32-eabi/bin/../lib/gcc/arm-none-eabi/6.3.1/thumb/v6-m\libgcc.a(_divsi3.o)
                              ./SDK/platform/drivers/src/flexio/flexio_spi_driver.o (__aeabi_idiv)
c:/nxp/s32ds_arm_v2018.r1/cross_tools/gcc-6.3-arm32-eabi/bin/../lib/gcc/arm-none-eabi/6.3.1/thumb/v6-m\libgcc.a(_dvmd_tls.o)
                              c:/nxp/s32ds_arm_v2018.r1/cross_tools/gcc-6.3-arm32-eabi/bin/../lib/gcc/arm-none-eabi/6.3.1/thumb/v6-m\libgcc.a(_udivsi3.o) (__aeabi_idiv0)
C:/NXP/S32DS_ARM_v2018.R1/Cross_Tools/gcc-6.3-arm32-eabi/arm-none-eabi/newlib/lib/thumb/v6-m\libc_nano.a(lib_a-exit.o)
                              C:/NXP/S32DS_ARM_v2018.R1/Cross_Tools/gcc-6.3-arm32-eabi/arm-none-eabi/newlib/lib/thumb/v6-m/crt0.o (exit)
C:/NXP/S32DS_ARM_v2018.R1/Cross_Tools/gcc-6.3-arm32-eabi/arm-none-eabi/newlib/lib/thumb/v6-m\libc_nano.a(lib_a-impure.o)
                              C:/NXP/S32DS_ARM_v2018.R1/Cross_Tools/gcc-6.3-arm32-eabi/arm-none-eabi/newlib/lib/thumb/v6-m\libc_nano.a(lib_a-exit.o) (_global_impure_ptr)
C:/NXP/S32DS_ARM_v2018.R1/Cross_Tools/gcc-6.3-arm32-eabi/arm-none-eabi/newlib/lib/thumb/v6-m\libc_nano.a(lib_a-init.o)
                              C:/NXP/S32DS_ARM_v2018.R1/Cross_Tools/gcc-6.3-arm32-eabi/arm-none-eabi/newlib/lib/thumb/v6-m/crt0.o (__libc_init_array)
C:/NXP/S32DS_ARM_v2018.R1/Cross_Tools/gcc-6.3-arm32-eabi/arm-none-eabi/newlib/lib/thumb/v6-m\libc_nano.a(lib_a-malloc.o)
                              ./Generated_Code/J1939.o (malloc)
C:/NXP/S32DS_ARM_v2018.R1/Cross_Tools/gcc-6.3-arm32-eabi/arm-none-eabi/newlib/lib/thumb/v6-m\libc_nano.a(lib_a-memset.o)
                              C:/NXP/S32DS_ARM_v2018.R1/Cross_Tools/gcc-6.3-arm32-eabi/arm-none-eabi/newlib/lib/thumb/v6-m/crt0.o (memset)
C:/NXP/S32DS_ARM_v2018.R1/Cross_Tools/gcc-6.3-arm32-eabi/arm-none-eabi/newlib/lib/thumb/v6-m\libc_nano.a(lib_a-nano-freer.o)
                              C:/NXP/S32DS_ARM_v2018.R1/Cross_Tools/gcc-6.3-arm32-eabi/arm-none-eabi/newlib/lib/thumb/v6-m\libc_nano.a(lib_a-malloc.o) (_free_r)
C:/NXP/S32DS_ARM_v2018.R1/Cross_Tools/gcc-6.3-arm32-eabi/arm-none-eabi/newlib/lib/thumb/v6-m\libc_nano.a(lib_a-nano-mallocr.o)
                              C:/NXP/S32DS_ARM_v2018.R1/Cross_Tools/gcc-6.3-arm32-eabi/arm-none-eabi/newlib/lib/thumb/v6-m\libc_nano.a(lib_a-malloc.o) (_malloc_r)
C:/NXP/S32DS_ARM_v2018.R1/Cross_Tools/gcc-6.3-arm32-eabi/arm-none-eabi/newlib/lib/thumb/v6-m\libc_nano.a(lib_a-sbrkr.o)
                              C:/NXP/S32DS_ARM_v2018.R1/Cross_Tools/gcc-6.3-arm32-eabi/arm-none-eabi/newlib/lib/thumb/v6-m\libc_nano.a(lib_a-nano-mallocr.o) (_sbrk_r)
C:/NXP/S32DS_ARM_v2018.R1/Cross_Tools/gcc-6.3-arm32-eabi/arm-none-eabi/newlib/lib/thumb/v6-m\libc_nano.a(lib_a-mlock.o)
                              C:/NXP/S32DS_ARM_v2018.R1/Cross_Tools/gcc-6.3-arm32-eabi/arm-none-eabi/newlib/lib/thumb/v6-m\libc_nano.a(lib_a-nano-freer.o) (__malloc_lock)
C:/NXP/S32DS_ARM_v2018.R1/Cross_Tools/gcc-6.3-arm32-eabi/arm-none-eabi/newlib/lib/thumb/v6-m\libc_nano.a(lib_a-reent.o)
                              C:/NXP/S32DS_ARM_v2018.R1/Cross_Tools/gcc-6.3-arm32-eabi/arm-none-eabi/newlib/lib/thumb/v6-m\libc_nano.a(lib_a-sbrkr.o) (errno)
C:/NXP/S32DS_ARM_v2018.R1/Cross_Tools/gcc-6.3-arm32-eabi/arm-none-eabi/newlib/lib/thumb/v6-m\libnosys.a(sbrk.o)
                              C:/NXP/S32DS_ARM_v2018.R1/Cross_Tools/gcc-6.3-arm32-eabi/arm-none-eabi/newlib/lib/thumb/v6-m\libc_nano.a(lib_a-sbrkr.o) (_sbrk)
C:/NXP/S32DS_ARM_v2018.R1/Cross_Tools/gcc-6.3-arm32-eabi/arm-none-eabi/newlib/lib/thumb/v6-m\libnosys.a(_exit.o)
                              C:/NXP/S32DS_ARM_v2018.R1/Cross_Tools/gcc-6.3-arm32-eabi/arm-none-eabi/newlib/lib/thumb/v6-m\libc_nano.a(lib_a-exit.o) (_exit)

Allocating common symbols
Common symbol       size              file

TXQueueCount_1      0x1               ./Generated_Code/J1939.o
CommandedAddress    0x1               ./Generated_Code/J1939.o
CA_Name             0x8               ./Generated_Code/J1939.o
RXHead_2            0x1               ./Generated_Code/J1939.o
RXQueue_1           0x3c              ./Generated_Code/J1939.o
errno               0x4               C:/NXP/S32DS_ARM_v2018.R1/Cross_Tools/gcc-6.3-arm32-eabi/arm-none-eabi/newlib/lib/thumb/v6-m\libc_nano.a(lib_a-reent.o)
TXQueue_3           0x3c              ./Generated_Code/J1939.o
RXQueue_4           0x3c              ./Generated_Code/J1939.o
TP_RX_MSG           0x100             ./Generated_Code/J1939.o
RXTail_4            0x1               ./Generated_Code/J1939.o
TXTail_3            0x1               ./Generated_Code/J1939.o
g_xtal0ClkFreq      0x4               ./SDK/platform/drivers/src/clock/S32K1xx/clock_S32K1xx.o
[...]
Memory Configuration

Name             Origin             Length             Attributes
m_interrupts     0x00000000         0x000000c0         xr
m_flash_config   0x00000400         0x00000010         xr
m_text           0x00000410         0x0001fbf0         xr
m_custom         0x1ffffc00         0x00000400         rw
m_data           0x20000000         0x000020c0         rw
m_data_2         0x200020c0         0x00001740         rw
*default*        0x00000000         0xffffffff

Linker script and memory map

LOAD c:/nxp/s32ds_arm_v2018.r1/cross_tools/gcc-6.3-arm32-eabi/bin/../lib/gcc/arm-none-eabi/6.3.1/thumb/v6-m/crti.o
LOAD c:/nxp/s32ds_arm_v2018.r1/cross_tools/gcc-6.3-arm32-eabi/bin/../lib/gcc/arm-none-eabi/6.3.1/thumb/v6-m/crtbegin.o
LOAD C:/NXP/S32DS_ARM_v2018.R1/Cross_Tools/gcc-6.3-arm32-eabi/arm-none-eabi/newlib/lib/thumb/v6-m/crt0.o
LOAD ./Sources/main.o
LOAD ./SDK/rtos/osif/osif_baremetal.o
LOAD ./SDK/platform/pal/src/spi/spi_pal.o
LOAD ./SDK/platform/pal/src/can/can_pal.o
LOAD ./SDK/platform/drivers/src/pins/pins_port_hw_access.o
LOAD ./SDK/platform/drivers/src/pins/pins_driver.o
LOAD ./SDK/platform/drivers/src/interrupt/interrupt_manager.o
LOAD ./SDK/platform/drivers/src/flexio/flexio_spi_driver.o
LOAD ./SDK/platform/drivers/src/flexio/flexio_common.o
LOAD ./SDK/platform/drivers/src/flexcan/flexcan_irq.o
LOAD ./SDK/platform/drivers/src/flexcan/flexcan_hw_access.o
LOAD ./SDK/platform/drivers/src/flexcan/flexcan_driver.o
LOAD ./SDK/platform/drivers/src/edma/edma_irq.o
LOAD ./SDK/platform/drivers/src/edma/edma_hw_access.o
LOAD ./SDK/platform/drivers/src/edma/edma_driver.o
LOAD ./SDK/platform/drivers/src/clock/S32K1xx/clock_S32K1xx.o
LOAD ./SDK/platform/devices/startup.o
LOAD ./SDK/platform/devices/S32K116/startup/system_S32K116.o
LOAD ./Project_Settings/Startup_Code/startup_S32K116.o
LOAD ./Generated_Code/spi1.o
LOAD ./Generated_Code/pin_mux.o
LOAD ./Generated_Code/dmaController1.o
LOAD ./Generated_Code/clockMan1.o
LOAD ./Generated_Code/can_pal1.o
LOAD ./Generated_Code/J1939.o
LOAD ./Generated_Code/Cpu.o
START GROUP
LOAD c:/nxp/s32ds_arm_v2018.r1/cross_tools/gcc-6.3-arm32-eabi/bin/../lib/gcc/arm-none-eabi/6.3.1/thumb/v6-m\libgcc.a
LOAD C:/NXP/S32DS_ARM_v2018.R1/Cross_Tools/gcc-6.3-arm32-eabi/arm-none-eabi/newlib/lib/thumb/v6-m\libc_nano.a
END GROUP
START GROUP
LOAD c:/nxp/s32ds_arm_v2018.r1/cross_tools/gcc-6.3-arm32-eabi/bin/../lib/gcc/arm-none-eabi/6.3.1/thumb/v6-m\libgcc.a
LOAD C:/NXP/S32DS_ARM_v2018.R1/Cross_Tools/gcc-6.3-arm32-eabi/arm-none-eabi/newlib/lib/thumb/v6-m\libc_nano.a
LOAD C:/NXP/S32DS_ARM_v2018.R1/Cross_Tools/gcc-6.3-arm32-eabi/arm-none-eabi/newlib/lib/thumb/v6-m\libnosys.a
END GROUP
START GROUP
LOAD c:/nxp/s32ds_arm_v2018.r1/cross_tools/gcc-6.3-arm32-eabi/bin/../lib/gcc/arm-none-eabi/6.3.1/thumb/v6-m\libgcc.a
LOAD C:/NXP/S32DS_ARM_v2018.R1/Cross_Tools/gcc-6.3-arm32-eabi/arm-none-eabi/newlib/lib/thumb/v6-m\libc_nano.a
LOAD C:/NXP/S32DS_ARM_v2018.R1/Cross_Tools/gcc-6.3-arm32-eabi/arm-none-eabi/newlib/lib/thumb/v6-m\libnosys.a
END GROUP
LOAD c:/nxp/s32ds_arm_v2018.r1/cross_tools/gcc-6.3-arm32-eabi/bin/../lib/gcc/arm-none-eabi/6.3.1/thumb/v6-m/crtend.o
LOAD c:/nxp/s32ds_arm_v2018.r1/cross_tools/gcc-6.3-arm32-eabi/bin/../lib/gcc/arm-none-eabi/6.3.1/thumb/v6-m/crtn.o
                0x00000200                HEAP_SIZE = DEFINED (__heap_size__)?__heap_size__:0x200
                0x00000200                STACK_SIZE = DEFINED (__stack_size__)?__stack_size__:0x200
                0x000000c0                M_VECTOR_RAM_SIZE = DEFINED (__flash_vector_table__)?0x0:0xc0

.interrupts     0x00000000       0xc0
                0x00000000                __VECTOR_TABLE = .
                0x00000000                __interrupts_start__ = .
                0x00000000                . = ALIGN (0x4)
 *(.isr_vector)
 .isr_vector    0x00000000       0xc0 ./Project_Settings/Startup_Code/startup_S32K116.o
                0x00000000                __isr_vector
                0x000000c0                __interrupts_end__ = .
                0x000000c0                . = ALIGN (0x4)

.flash_config   0x00000400       0x10
                0x00000400                . = ALIGN (0x4)
 *(.FlashConfig)
 .FlashConfig   0x00000400       0x10 ./Project_Settings/Startup_Code/startup_S32K116.o
                0x00000410                . = ALIGN (0x4)

.text           0x00000410     0x3380
                0x00000410                . = ALIGN (0x4)
 *(.text)
 .text          0x00000410       0x60 ./Project_Settings/Startup_Code/startup_S32K116.o
                0x00000410                Reset_Handler
                0x0000046c                ERM_fault_IRQHandler
                0x0000046c                PendSV_Handler
                0x0000046c                NMI_Handler
                0x0000046c                LPIT0_IRQHandler
                0x0000046c                ADC0_IRQHandler
                0x0000046c                FTM0_Ovf_Reload_IRQHandler
                0x0000046c                FTM1_Ch0_7_IRQHandler
                0x0000046c                DefaultISR
                0x0000046c                SCG_CMU_LVD_LVWSCG_IRQHandler
                0x0000046c                FTM0_Ch0_7_IRQHandler
                0x0000046c                RTC_IRQHandler
                0x0000046c                PDB0_IRQHandler
                0x0000046c                HardFault_Handler
                0x0000046c                Reserved27_IRQHandler
                0x0000046c                LPUART1_RxTx_IRQHandler
                0x0000046c                RTC_Seconds_IRQHandler
                0x0000046c                FTFC_IRQHandler
                0x0000046c                LPSPI0_IRQHandler
                0x0000046c                FTM0_Fault_IRQHandler
                0x0000046c                SVC_Handler
                0x0000046c                RCM_IRQHandler
                0x0000046c                FTM1_Fault_IRQHandler
                0x0000046c                LPI2C0_Master_Slave_IRQHandler
                0x0000046c                LPUART0_RxTx_IRQHandler
                0x0000046c                WDOG_IRQHandler
                0x0000046c                LPTMR0_IRQHandler
                0x0000046c                FTM1_Ovf_Reload_IRQHandler
                0x0000046c                CMP0_IRQHandler
                0x0000046c                PORT_IRQHandler
 .text          0x00000470      0x114 c:/nxp/s32ds_arm_v2018.r1/cross_tools/gcc-6.3-arm32-eabi/bin/../lib/gcc/arm-none-eabi/6.3.1/thumb/v6-m\libgcc.a(_udivsi3.o)
                0x00000470                __aeabi_uidiv
                0x00000470                __udivsi3
                0x0000057c                __aeabi_uidivmod
 .text          0x00000584        0x4 c:/nxp/s32ds_arm_v2018.r1/cross_tools/gcc-6.3-arm32-eabi/bin/../lib/gcc/arm-none-eabi/6.3.1/thumb/v6-m\libgcc.a(_dvmd_tls.o)
                0x00000584                __aeabi_idiv0
                0x00000584                __aeabi_ldiv0
 *(.text*)
 .text.buttonISR
                0x00000588       0x8c ./Sources/main.o
                0x00000588                buttonISR
 .text.BoardInit
                0x00000614       0x2c ./Sources/main.o
                0x00000614                BoardInit
 .text.GPIOInit
                0x00000640       0x58 ./Sources/main.o
                0x00000640                GPIOInit
 .text.main     0x00000698       0x88 ./Sources/main.o
                0x00000698                main
 .text.SysTick_Handler
                0x00000720       0x10 ./SDK/rtos/osif/osif_baremetal.o
                0x00000720                SysTick_Handler
 .text.OSIF_SemaPost
                0x00000730       0x2c ./SDK/rtos/osif/osif_baremetal.o
                0x00000730                OSIF_SemaPost
 .text.OSIF_SemaCreate
                0x0000075c       0x1c ./SDK/rtos/osif/osif_baremetal.o
                0x0000075c                OSIF_SemaCreate
 .text.OSIF_SemaDestroy
                0x00000778        0xc ./SDK/rtos/osif/osif_baremetal.o
                0x00000778                OSIF_SemaDestroy
 .text.CAN_FindFlexCANState
                0x00000784       0x14 ./SDK/platform/pal/src/can/can_pal.o
 .text.CAN_Init
                0x00000798       0xfc ./SDK/platform/pal/src/can/can_pal.o
                0x00000798                CAN_Init
 .text.CAN_ConfigTxBuff
                0x00000894       0xb0 ./SDK/platform/pal/src/can/can_pal.o
                0x00000894                CAN_ConfigTxBuff
 .text.CAN_ConfigRxBuff
                0x00000944       0xbc ./SDK/platform/pal/src/can/can_pal.o
                0x00000944                CAN_ConfigRxBuff
 .text.CAN_Send
                0x00000a00       0xb8 ./SDK/platform/pal/src/can/can_pal.o
                0x00000a00                CAN_Send
 .text.CAN_Receive
                0x00000ab8       0x78 ./SDK/platform/pal/src/can/can_pal.o
                0x00000ab8                CAN_Receive
 .text.CAN_GetTransferStatus
                0x00000b30       0x60 ./SDK/platform/pal/src/can/can_pal.o
                0x00000b30                CAN_GetTransferStatus
 .text.PINS_Init
                0x00000b90      0x12c ./SDK/platform/drivers/src/pins/pins_port_hw_access.o
                0x00000b90                PINS_Init
 .text.PINS_DRV_Init
                0x00000cbc       0x1c ./SDK/platform/drivers/src/pins/pins_driver.o
                0x00000cbc                PINS_DRV_Init
 .text.PINS_DRV_SetPinIntSel
                0x00000cd8       0x34 ./SDK/platform/drivers/src/pins/pins_driver.o
                0x00000cd8                PINS_DRV_SetPinIntSel
 .text.PINS_DRV_ClearPinIntFlagCmd
                0x00000d0c       0x2c ./SDK/platform/drivers/src/pins/pins_driver.o
                0x00000d0c                PINS_DRV_ClearPinIntFlagCmd
 .text.PINS_DRV_GetPortIntFlag
                0x00000d38        0x6 ./SDK/platform/drivers/src/pins/pins_driver.o
                0x00000d38                PINS_DRV_GetPortIntFlag
 .text.PINS_DRV_ClearPortIntFlagCmd
                0x00000d3e        0xa ./SDK/platform/drivers/src/pins/pins_driver.o
                0x00000d3e                PINS_DRV_ClearPortIntFlagCmd
 .text.PINS_DRV_SetPinsDirection
                0x00000d48        0x4 ./SDK/platform/drivers/src/pins/pins_driver.o
                0x00000d48                PINS_DRV_SetPinsDirection
 .text.PINS_DRV_SetPins
                0x00000d4c        0x4 ./SDK/platform/drivers/src/pins/pins_driver.o
                0x00000d4c                PINS_DRV_SetPins
 .text.PINS_DRV_TogglePins
                0x00000d50        0x4 ./SDK/platform/drivers/src/pins/pins_driver.o
                0x00000d50                PINS_DRV_TogglePins
 .text.INT_SYS_InstallHandler
                0x00000d54       0x64 ./SDK/platform/drivers/src/interrupt/interrupt_manager.o
                0x00000d54                INT_SYS_InstallHandler
 .text.INT_SYS_EnableIRQ
                0x00000db8       0x34 ./SDK/platform/drivers/src/interrupt/interrupt_manager.o
                0x00000db8                INT_SYS_EnableIRQ
 .text.INT_SYS_EnableIRQGlobal
                0x00000dec       0x1c ./SDK/platform/drivers/src/interrupt/interrupt_manager.o
                0x00000dec                INT_SYS_EnableIRQGlobal
 .text.INT_SYS_DisableIRQGlobal
                0x00000e08       0x10 ./SDK/platform/drivers/src/interrupt/interrupt_manager.o
                0x00000e08                INT_SYS_DisableIRQGlobal
 .text.FLEXIO_IRQHandler
                0x00000e18       0x58 ./SDK/platform/drivers/src/flexio/flexio_common.o
                0x00000e18                FLEXIO_IRQHandler
 .text.CAN0_ORed_Err_Wakeup_IRQHandler
                0x00000e70        0xa ./SDK/platform/drivers/src/flexcan/flexcan_irq.o
                0x00000e70                CAN0_ORed_Err_Wakeup_IRQHandler
 .text.CAN0_ORed_0_31_MB_IRQHandler
                0x00000e7a        0xa ./SDK/platform/drivers/src/flexcan/flexcan_irq.o
                0x00000e7a                CAN0_ORed_0_31_MB_IRQHandler
 .text.FLEXCAN_ComputePayloadSize
                0x00000e84       0x3c ./SDK/platform/drivers/src/flexcan/flexcan_hw_access.o
 .text.FLEXCAN_GetMaxMbNum
                0x00000ec0       0x14 ./SDK/platform/drivers/src/flexcan/flexcan_hw_access.o
                0x00000ec0                FLEXCAN_GetMaxMbNum
 .text.FLEXCAN_Enable
                0x00000ed4       0x34 ./SDK/platform/drivers/src/flexcan/flexcan_hw_access.o
                0x00000ed4                FLEXCAN_Enable
 .text.FLEXCAN_Disable
                0x00000f08       0x1c ./SDK/platform/drivers/src/flexcan/flexcan_hw_access.o
                0x00000f08                FLEXCAN_Disable
 .text.FLEXCAN_Init
                0x00000f24       0x70 ./SDK/platform/drivers/src/flexcan/flexcan_hw_access.o
                0x00000f24                FLEXCAN_Init
 .text.FLEXCAN_EnableRxFifo
                0x00000f94       0x68 ./SDK/platform/drivers/src/flexcan/flexcan_hw_access.o
                0x00000f94                FLEXCAN_EnableRxFifo
 .text.FLEXCAN_SetRxFifoFilter
                0x00000ffc      0x21c ./SDK/platform/drivers/src/flexcan/flexcan_hw_access.o
                0x00000ffc                FLEXCAN_SetRxFifoFilter
 .text.FLEXCAN_SetMsgBuffIntCmd
                0x00001218       0x3a ./SDK/platform/drivers/src/flexcan/flexcan_hw_access.o
                0x00001218                FLEXCAN_SetMsgBuffIntCmd
 *fill*         0x00001252        0x2 
 .text.FLEXCAN_ExitFreezeMode
                0x00001254       0x24 ./SDK/platform/drivers/src/flexcan/flexcan_hw_access.o
                0x00001254                FLEXCAN_ExitFreezeMode
 .text.FLEXCAN_EnterFreezeMode
                0x00001278       0x4c ./SDK/platform/drivers/src/flexcan/flexcan_hw_access.o
                0x00001278                FLEXCAN_EnterFreezeMode
 .text.FLEXCAN_ClearErrIntStatusFlag
                0x000012c4       0x10 ./SDK/platform/drivers/src/flexcan/flexcan_hw_access.o
                0x000012c4                FLEXCAN_ClearErrIntStatusFlag
 .text.FLEXCAN_ReadRxFifo
                0x000012d4       0xa0 ./SDK/platform/drivers/src/flexcan/flexcan_hw_access.o
                0x000012d4                FLEXCAN_ReadRxFifo
 .text.FLEXCAN_SetOperationMode
                0x00001374       0x70 ./SDK/platform/drivers/src/flexcan/flexcan_hw_access.o
                0x00001374                FLEXCAN_SetOperationMode
 .text.FLEXCAN_SetPayloadSize
                0x000013e4       0x34 ./SDK/platform/drivers/src/flexcan/flexcan_hw_access.o
                0x000013e4                FLEXCAN_SetPayloadSize
 .text.FLEXCAN_GetPayloadSize
                0x00001418       0x1c ./SDK/platform/drivers/src/flexcan/flexcan_hw_access.o
                0x00001418                FLEXCAN_GetPayloadSize
 .text.FLEXCAN_GetMsgBuffRegion
                0x00001434       0x3c ./SDK/platform/drivers/src/flexcan/flexcan_hw_access.o
                0x00001434                FLEXCAN_GetMsgBuffRegion
 .text.FLEXCAN_SetRxMsgBuff
                0x00001470       0xdc ./SDK/platform/drivers/src/flexcan/flexcan_hw_access.o
                0x00001470                FLEXCAN_SetRxMsgBuff
 .text.FLEXCAN_GetMsgBuff
                0x0000154c      0x108 ./SDK/platform/drivers/src/flexcan/flexcan_hw_access.o
                0x0000154c                FLEXCAN_GetMsgBuff
 .text.FLEXCAN_LockRxMsgBuff
                0x00001654        0xa ./SDK/platform/drivers/src/flexcan/flexcan_hw_access.o
                0x00001654                FLEXCAN_LockRxMsgBuff
 *fill*         0x0000165e        0x2 
 .text.FLEXCAN_SetTxMsgBuff
                0x00001660      0x218 ./SDK/platform/drivers/src/flexcan/flexcan_hw_access.o
                0x00001660                FLEXCAN_SetTxMsgBuff
 .text.FLEXCAN_SetMaxMsgBuffNum
                0x00001878       0xaa ./SDK/platform/drivers/src/flexcan/flexcan_hw_access.o
                0x00001878                FLEXCAN_SetMaxMsgBuffNum
 *fill*         0x00001922        0x2 
 .text.FLEXCAN_SetTimeSegments
                0x00001924       0x50 ./SDK/platform/drivers/src/flexcan/flexcan_driver.o
 .text.FLEXCAN_SetExtendedTimeSegments
                0x00001974       0x50 ./SDK/platform/drivers/src/flexcan/flexcan_driver.o
 .text.FLEXCAN_SetFDTimeSegments
                0x000019c4       0x5c ./SDK/platform/drivers/src/flexcan/flexcan_driver.o
 .text.FLEXCAN_StartSendData
                0x00001a20       0xb0 ./SDK/platform/drivers/src/flexcan/flexcan_driver.o
 .text.FLEXCAN_StartRxMessageBufferData
                0x00001ad0       0x7c ./SDK/platform/drivers/src/flexcan/flexcan_driver.o
 .text.FLEXCAN_StartRxMessageFifoData
                0x00001b4c      0x11c ./SDK/platform/drivers/src/flexcan/flexcan_driver.o
 .text.FLEXCAN_CompleteRxMessageFifoData
                0x00001c68       0xb0 ./SDK/platform/drivers/src/flexcan/flexcan_driver.o
 .text.FLEXCAN_CompleteRxFifoDataDMA
                0x00001d18       0x30 ./SDK/platform/drivers/src/flexcan/flexcan_driver.o
 .text.FLEXCAN_CompleteTransfer
                0x00001d48       0x3c ./SDK/platform/drivers/src/flexcan/flexcan_driver.o
 .text.FLEXCAN_DRV_Init
                0x00001d84      0x260 ./SDK/platform/drivers/src/flexcan/flexcan_driver.o
                0x00001d84                FLEXCAN_DRV_Init
 .text.FLEXCAN_DRV_ConfigTxMb
                0x00001fe4       0x44 ./SDK/platform/drivers/src/flexcan/flexcan_driver.o
                0x00001fe4                FLEXCAN_DRV_ConfigTxMb
 .text.FLEXCAN_DRV_Send
                0x00002028       0x3c ./SDK/platform/drivers/src/flexcan/flexcan_driver.o
                0x00002028                FLEXCAN_DRV_Send
 .text.FLEXCAN_DRV_ConfigRxMb
                0x00002064       0x68 ./SDK/platform/drivers/src/flexcan/flexcan_driver.o
                0x00002064                FLEXCAN_DRV_ConfigRxMb
 .text.FLEXCAN_DRV_ConfigRxFifo
                0x000020cc       0x2c ./SDK/platform/drivers/src/flexcan/flexcan_driver.o
                0x000020cc                FLEXCAN_DRV_ConfigRxFifo
 .text.FLEXCAN_DRV_Receive
                0x000020f8       0x12 ./SDK/platform/drivers/src/flexcan/flexcan_driver.o
                0x000020f8                FLEXCAN_DRV_Receive
 .text.FLEXCAN_DRV_RxFifo
                0x0000210a       0x12 ./SDK/platform/drivers/src/flexcan/flexcan_driver.o
                0x0000210a                FLEXCAN_DRV_RxFifo
 .text.FLEXCAN_Error_IRQHandler
                0x0000211c       0x30 ./SDK/platform/drivers/src/flexcan/flexcan_driver.o
                0x0000211c                FLEXCAN_Error_IRQHandler
 .text.FLEXCAN_WakeUpHandler
                0x0000214c       0x80 ./SDK/platform/drivers/src/flexcan/flexcan_driver.o
                0x0000214c                FLEXCAN_WakeUpHandler
 .text.FLEXCAN_IRQHandler
                0x000021cc      0x1c4 ./SDK/platform/drivers/src/flexcan/flexcan_driver.o
                0x000021cc                FLEXCAN_IRQHandler
 .text.FLEXCAN_DRV_GetTransferStatus
                0x00002390       0x2c ./SDK/platform/drivers/src/flexcan/flexcan_driver.o
                0x00002390                FLEXCAN_DRV_GetTransferStatus
 .text.DMA0_IRQHandler
                0x000023bc        0xa ./SDK/platform/drivers/src/edma/edma_irq.o
                0x000023bc                DMA0_IRQHandler
 .text.DMA1_IRQHandler
                0x000023c6        0xa ./SDK/platform/drivers/src/edma/edma_irq.o
                0x000023c6                DMA1_IRQHandler
 .text.DMA2_IRQHandler
                0x000023d0        0xa ./SDK/platform/drivers/src/edma/edma_irq.o
                0x000023d0                DMA2_IRQHandler
 .text.DMA3_IRQHandler
                0x000023da        0xa ./SDK/platform/drivers/src/edma/edma_irq.o
                0x000023da                DMA3_IRQHandler
 .text.DMA_Error_IRQHandler
                0x000023e4       0x28 ./SDK/platform/drivers/src/edma/edma_irq.o
                0x000023e4                DMA_Error_IRQHandler
 .text.EDMA_SetDmaRequestCmd
                0x0000240c        0xc ./SDK/platform/drivers/src/edma/edma_hw_access.o
                0x0000240c                EDMA_SetDmaRequestCmd
 .text.EDMA_TCDClearReg
                0x00002418       0x70 ./SDK/platform/drivers/src/edma/edma_hw_access.o
                0x00002418                EDMA_TCDClearReg
 .text.EDMA_TCDSetAttribute
                0x00002488       0x44 ./SDK/platform/drivers/src/edma/edma_hw_access.o
                0x00002488                EDMA_TCDSetAttribute
 .text.EDMA_TCDSetNbytes
                0x000024cc       0x74 ./SDK/platform/drivers/src/edma/edma_hw_access.o
                0x000024cc                EDMA_TCDSetNbytes
 .text.EDMA_TCDSetMajorCount
                0x00002540       0x7c ./SDK/platform/drivers/src/edma/edma_hw_access.o
                0x00002540                EDMA_TCDSetMajorCount
 .text.EDMA_DRV_ClearIntStatus
                0x000025bc       0x24 ./SDK/platform/drivers/src/edma/edma_driver.o
 .text.EDMA_DRV_InstallCallback
                0x000025e0       0x38 ./SDK/platform/drivers/src/edma/edma_driver.o
                0x000025e0                EDMA_DRV_InstallCallback
 .text.EDMA_DRV_IRQHandler
                0x00002618       0x28 ./SDK/platform/drivers/src/edma/edma_driver.o
                0x00002618                EDMA_DRV_IRQHandler
 .text.EDMA_DRV_ErrorIRQHandler
                0x00002640       0x44 ./SDK/platform/drivers/src/edma/edma_driver.o
                0x00002640                EDMA_DRV_ErrorIRQHandler
 .text.EDMA_DRV_ConfigSingleBlockTransfer
                0x00002684      0x1fc ./SDK/platform/drivers/src/edma/edma_driver.o
                0x00002684                EDMA_DRV_ConfigSingleBlockTransfer
 .text.EDMA_DRV_StartChannel
                0x00002880       0x44 ./SDK/platform/drivers/src/edma/edma_driver.o
                0x00002880                EDMA_DRV_StartChannel
 .text.EDMA_DRV_StopChannel
                0x000028c4       0x44 ./SDK/platform/drivers/src/edma/edma_driver.o
                0x000028c4                EDMA_DRV_StopChannel
 .text.EDMA_DRV_DisableRequestsOnTransferComplete
                0x00002908       0x58 ./SDK/platform/drivers/src/edma/edma_driver.o
                0x00002908                EDMA_DRV_DisableRequestsOnTransferComplete
 .text.EDMA_DRV_GetDmaRegBaseAddr
                0x00002960       0x10 ./SDK/platform/drivers/src/edma/edma_driver.o
                0x00002960                EDMA_DRV_GetDmaRegBaseAddr
 .text.CLOCK_SYS_GetCurrentRunMode
                0x00002970       0x28 ./SDK/platform/drivers/src/clock/S32K1xx/clock_S32K1xx.o
 .text.CLOCK_SYS_GetSysOscFreq
                0x00002998       0x1c ./SDK/platform/drivers/src/clock/S32K1xx/clock_S32K1xx.o
 .text.CLOCK_SYS_ConfigureSOSC
                0x000029b4      0x128 ./SDK/platform/drivers/src/clock/S32K1xx/clock_S32K1xx.o
 .text.CLOCK_SYS_GetSircFreq
                0x00002adc       0x28 ./SDK/platform/drivers/src/clock/S32K1xx/clock_S32K1xx.o
 .text.CLOCK_SYS_ConfigureSIRC
                0x00002b04       0xc4 ./SDK/platform/drivers/src/clock/S32K1xx/clock_S32K1xx.o
 .text.CLOCK_SYS_GetFircFreq
                0x00002bc8       0x24 ./SDK/platform/drivers/src/clock/S32K1xx/clock_S32K1xx.o
 .text.CLOCK_SYS_ConfigureFIRC
                0x00002bec       0xb4 ./SDK/platform/drivers/src/clock/S32K1xx/clock_S32K1xx.o
 .text.CLOCK_SYS_SetSystemClockConfig
                0x00002ca0      0x140 ./SDK/platform/drivers/src/clock/S32K1xx/clock_S32K1xx.o
 .text.CLOCK_SYS_TransitionSystemClock
                0x00002de0       0x54 ./SDK/platform/drivers/src/clock/S32K1xx/clock_S32K1xx.o
 .text.CLOCK_DRV_Init
                0x00002e34      0x530 ./SDK/platform/drivers/src/clock/S32K1xx/clock_S32K1xx.o
                0x00002e34                CLOCK_DRV_Init
 .text.CLOCK_SYS_Init
                0x00003364       0x28 ./SDK/platform/drivers/src/clock/S32K1xx/clock_S32K1xx.o
                0x00003364                CLOCK_SYS_Init
 .text.CLOCK_SYS_UpdateConfiguration
                0x0000338c      0x100 ./SDK/platform/drivers/src/clock/S32K1xx/clock_S32K1xx.o
                0x0000338c                CLOCK_SYS_UpdateConfiguration
 .text.init_data_bss
                0x0000348c       0xdc ./SDK/platform/devices/startup.o
                0x0000348c                init_data_bss
 .text.SystemInit
                0x00003568       0x24 ./SDK/platform/devices/S32K116/startup/system_S32K116.o
                0x00003568                SystemInit
 .text.memset   0x0000358c       0x10 C:/NXP/S32DS_ARM_v2018.R1/Cross_Tools/gcc-6.3-arm32-eabi/arm-none-eabi/newlib/lib/thumb/v6-m\libc_nano.a(lib_a-memset.o)
                0x0000358c                memset
 *(.rodata)
 .rodata        0x0000359c        0x5 ./Sources/main.o
 *(.rodata*)
 *fill*         0x000035a1        0x3 
 .rodata.FLEXCAN_ComputePayloadSize
                0x000035a4       0x1c ./SDK/platform/drivers/src/flexcan/flexcan_hw_access.o
 .rodata.FLEXCAN_SetOperationMode
                0x000035c0       0x14 ./SDK/platform/drivers/src/flexcan/flexcan_hw_access.o
 .rodata.payload_code.5932
                0x000035d4       0x41 ./SDK/platform/drivers/src/flexcan/flexcan_hw_access.o
 *fill*         0x00003615        0x3 
 .rodata.clockNameMappings
                0x00003618       0x8a ./SDK/platform/drivers/src/clock/S32K1xx/clock_S32K1xx.o
                0x00003618                clockNameMappings
 *fill*         0x000036a2        0x2 
 .rodata.maxSysClksInRUN.6104
                0x000036a4       0x54 ./SDK/platform/drivers/src/clock/S32K1xx/clock_S32K1xx.o
 .rodata.maxSysClksInVLPR.6103
                0x000036f8       0x54 ./SDK/platform/drivers/src/clock/S32K1xx/clock_S32K1xx.o
 .rodata.can_pal1_Config0
                0x0000374c       0x34 ./Generated_Code/can_pal1.o
                0x0000374c                can_pal1_Config0
 .rodata.can_pal1_instance
                0x00003780        0x8 ./Generated_Code/can_pal1.o
                0x00003780                can_pal1_instance
 *(.init)
 .init          0x00003788        0x4 c:/nxp/s32ds_arm_v2018.r1/cross_tools/gcc-6.3-arm32-eabi/bin/../lib/gcc/arm-none-eabi/6.3.1/thumb/v6-m/crti.o
                0x00003788                _init
 *(.fini)
 .fini          0x0000378c        0x4 c:/nxp/s32ds_arm_v2018.r1/cross_tools/gcc-6.3-arm32-eabi/bin/../lib/gcc/arm-none-eabi/6.3.1/thumb/v6-m/crti.o
                0x0000378c                _fini
 *(.eh_frame)
                0x00003790                . = ALIGN (0x4)

.glue_7         0x00003790        0x0
 .glue_7        0x00003790        0x0 linker stubs

.glue_7t        0x00003790        0x0
 .glue_7t       0x00003790        0x0 linker stubs

.vfp11_veneer   0x00003790        0x0
 .vfp11_veneer  0x00003790        0x0 linker stubs

.v4_bx          0x00003790        0x0
 .v4_bx         0x00003790        0x0 linker stubs

.iplt           0x00003790        0x0
 .iplt          0x00003790        0x0 c:/nxp/s32ds_arm_v2018.r1/cross_tools/gcc-6.3-arm32-eabi/bin/../lib/gcc/arm-none-eabi/6.3.1/thumb/v6-m/crtbegin.o

.rel.dyn        0x00003790        0x0
 .rel.iplt      0x00003790        0x0 c:/nxp/s32ds_arm_v2018.r1/cross_tools/gcc-6.3-arm32-eabi/bin/../lib/gcc/arm-none-eabi/6.3.1/thumb/v6-m/crtbegin.o

.ARM            0x00003790        0x0
                0x00003790                __exidx_start = .
 *(.ARM.exidx*)
                0x00003790                __exidx_end = .
                0x00003790                __etext = .
                0x00003790                __DATA_ROM = .

.interrupts_ram
                0x20000000       0xc0
                0x20000000                . = ALIGN (0x4)
                0x20000000                __VECTOR_RAM__ = .
                0x20000000                __RAM_START = .
                0x20000000                __interrupts_ram_start__ = .
 *(.m_interrupts_ram)
                0x200000c0                . = (. + M_VECTOR_RAM_SIZE)
 *fill*         0x20000000       0xc0 
                0x200000c0                . = ALIGN (0x4)
                0x200000c0                __interrupts_ram_end__ = .
                0x20000000                __VECTOR_RAM = DEFINED (__flash_vector_table__)?ORIGIN (m_interrupts):__VECTOR_RAM__
                0x000000c0                __RAM_VECTOR_TABLE_SIZE = DEFINED (__flash_vector_table__)?0x0:(__interrupts_ram_end__ - __interrupts_ram_start__)

.data           0x200000c0      0x224 load address 0x00003790
                0x200000c0                . = ALIGN (0x4)
                0x200000c0                __DATA_RAM = .
                0x200000c0                __data_start__ = .
 *(.data)
 *(.data*)
 .data.peripheralClockConfig.5895
                0x200000c0       0x6e ./SDK/platform/drivers/src/clock/S32K1xx/clock_S32K1xx.o
 *fill*         0x2000012e        0x2 
 .data.g_pin_mux_InitConfigArr
                0x20000130      0x108 ./Generated_Code/pin_mux.o
                0x20000130                g_pin_mux_InitConfigArr
 .data.clockMan1_InitConfig0
                0x20000238       0x78 ./Generated_Code/clockMan1.o
                0x20000238                clockMan1_InitConfig0
 .data.g_clockManConfigsArr
                0x200002b0        0x4 ./Generated_Code/clockMan1.o
                0x200002b0                g_clockManConfigsArr
 .data.peripheralClockConfig0
                0x200002b4       0x2d ./Generated_Code/clockMan1.o
                0x200002b4                peripheralClockConfig0
                0x200002e4                . = ALIGN (0x4)
 *fill*         0x200002e1        0x3 
                0x200002e4                __data_end__ = .
                0x000039b4                __DATA_END = (__DATA_ROM + (__data_end__ - __data_start__))
                0x000039b4                __CODE_ROM = __DATA_END

.igot.plt       0x200002e4        0x0 load address 0x000039b4
 .igot.plt      0x200002e4        0x0 c:/nxp/s32ds_arm_v2018.r1/cross_tools/gcc-6.3-arm32-eabi/bin/../lib/gcc/arm-none-eabi/6.3.1/thumb/v6-m/crtbegin.o

.code           0x200002e4        0x0 load address 0x000039b4
                0x200002e4                . = ALIGN (0x4)
                0x200002e4                __CODE_RAM = .
                0x200002e4                __code_start__ = .
                0x200002e4                __code_ram_start__ = .
 *(.code_ram)
                0x200002e4                . = ALIGN (0x4)
                0x200002e4                __code_end__ = .
                0x200002e4                __code_ram_end__ = .
                0x000039b4                __CODE_END = (__CODE_ROM + (__code_end__ - __code_start__))
                0x000039b4                __CUSTOM_ROM = __CODE_END

.customSectionBlock
                0x1ffffc00        0x0 load address 0x000039b4
                0x1ffffc00                __customSectionStart = .
                0x1ffffc00                __customSection_start__ = .
 *(.customSection)
                0x1ffffc00                __customSection_end__ = .
                0x000039b4                __CUSTOM_END = (__CUSTOM_ROM + (__customSection_end__ - __customSection_start__))

.bss            0x200020c0      0x1e0
                0x200020c0                . = ALIGN (0x4)
                0x200020c0                __BSS_START = .
                0x200020c0                __bss_start__ = .
 *(.bss)
 *(.bss*)
 .bss.ledRequested
                0x200020c0        0x1 ./Sources/main.o
                0x200020c0                ledRequested
 *fill*         0x200020c1        0x3 
 .bss.s_osif_tick_cnt
                0x200020c4        0x4 ./SDK/rtos/osif/osif_baremetal.o
 .bss.s_flexcanRxFifoState
                0x200020c8        0x2 ./SDK/platform/pal/src/can/can_pal.o
 *fill*         0x200020ca        0x2 
 .bss.s_flexcanState
                0x200020cc      0x114 ./SDK/platform/pal/src/can/can_pal.o
 .bss.s_flexcanStateInstanceMapping
                0x200021e0        0x4 ./SDK/platform/pal/src/can/can_pal.o
 .bss.s_flexcanStateIsAllocated
                0x200021e4        0x1 ./SDK/platform/pal/src/can/can_pal.o
 *fill*         0x200021e5        0x3 
 .bss.s_hwObjConfigs
                0x200021e8       0x80 ./SDK/platform/pal/src/can/can_pal.o
 .bss.g_interruptDisableCount
                0x20002268        0x4 ./SDK/platform/drivers/src/interrupt/interrupt_manager.o
 .bss.g_flexioDeviceStatePtr
                0x2000226c        0x4 ./SDK/platform/drivers/src/flexio/flexio_common.o
                0x2000226c                g_flexioDeviceStatePtr
 .bss.g_flexcanStatePtr
                0x20002270        0x4 ./SDK/platform/drivers/src/flexcan/flexcan_driver.o
 .bss.s_virtEdmaState
                0x20002274        0x4 ./SDK/platform/drivers/src/edma/edma_driver.o
 .bss.g_clockState
                0x20002278       0x10 ./SDK/platform/drivers/src/clock/S32K1xx/clock_S32K1xx.o
 .bss.g_clockManCallbacksArr
                0x20002288        0x4 ./Generated_Code/clockMan1.o
                0x20002288                g_clockManCallbacksArr
 *(COMMON)
 COMMON         0x2000228c       0x14 ./SDK/platform/drivers/src/clock/S32K1xx/clock_S32K1xx.o
                0x2000228c                g_xtal0ClkFreq
                0x20002290                g_RtcClkInFreq
                0x20002294                g_TClkFreq
                0x200022a0                . = ALIGN (0x4)
                0x200022a0                __bss_end__ = .
                0x200022a0                __BSS_END = .

.heap           0x200022a0      0x200
                0x200022a0                . = ALIGN (0x8)
                0x200022a0                __end__ = .
                0x200022a0                __heap_start__ = .
                0x200022a0                PROVIDE (end, .)
                [!provide]                PROVIDE (_end, .)
                [!provide]                PROVIDE (__end, .)
                0x200022a0                __HeapBase = .
                0x200024a0                . = (. + HEAP_SIZE)
 *fill*         0x200022a0      0x200 
                0x200024a0                __HeapLimit = .
                0x200024a0                __heap_limit = .
                0x200024a0                __heap_end__ = .
                0x20003800                __StackTop = (ORIGIN (m_data_2) + LENGTH (m_data_2))
                0x20003600                __StackLimit = (__StackTop - STACK_SIZE)
                0x20003800                PROVIDE (__stack, __StackTop)
                0x20003800                __RAM_END = __StackTop

.stack          0x20003600      0x200
                0x20003600                . = ALIGN (0x8)
                0x20003600                __stack_start__ = .
                0x20003800                . = (. + STACK_SIZE)
 *fill*         0x20003600      0x200 
                0x20003800                __stack_end__ = .

.ARM.attributes
                0x00000000       0x28
 *(.ARM.attributes)
 .ARM.attributes
                0x00000000       0x1e c:/nxp/s32ds_arm_v2018.r1/cross_tools/gcc-6.3-arm32-eabi/bin/../lib/gcc/arm-none-eabi/6.3.1/thumb/v6-m/crti.o
 .ARM.attributes
                0x0000001e       0x32 ./Sources/main.o
 .ARM.attributes
                0x00000050       0x32 ./SDK/rtos/osif/osif_baremetal.o
 .ARM.attributes
                0x00000082       0x32 ./SDK/platform/pal/src/can/can_pal.o
 .ARM.attributes
                0x000000b4       0x32 ./SDK/platform/drivers/src/pins/pins_port_hw_access.o
 .ARM.attributes
                0x000000e6       0x32 ./SDK/platform/drivers/src/pins/pins_driver.o
 .ARM.attributes
                0x00000118       0x32 ./SDK/platform/drivers/src/interrupt/interrupt_manager.o
 .ARM.attributes
                0x0000014a       0x32 ./SDK/platform/drivers/src/flexio/flexio_common.o
 .ARM.attributes
                0x0000017c       0x32 ./SDK/platform/drivers/src/flexcan/flexcan_irq.o
 .ARM.attributes
                0x000001ae       0x32 ./SDK/platform/drivers/src/flexcan/flexcan_hw_access.o
 .ARM.attributes
                0x000001e0       0x32 ./SDK/platform/drivers/src/flexcan/flexcan_driver.o
 .ARM.attributes
                0x00000212       0x32 ./SDK/platform/drivers/src/edma/edma_irq.o
 .ARM.attributes
                0x00000244       0x32 ./SDK/platform/drivers/src/edma/edma_hw_access.o
 .ARM.attributes
                0x00000276       0x32 ./SDK/platform/drivers/src/edma/edma_driver.o
 .ARM.attributes
                0x000002a8       0x32 ./SDK/platform/drivers/src/clock/S32K1xx/clock_S32K1xx.o
 .ARM.attributes
                0x000002da       0x32 ./SDK/platform/devices/startup.o
 .ARM.attributes
                0x0000030c       0x32 ./SDK/platform/devices/S32K116/startup/system_S32K116.o
 .ARM.attributes
                0x0000033e       0x1b ./Project_Settings/Startup_Code/startup_S32K116.o
 .ARM.attributes
                0x00000359       0x32 ./Generated_Code/pin_mux.o
 .ARM.attributes
                0x0000038b       0x32 ./Generated_Code/clockMan1.o
 .ARM.attributes
                0x000003bd       0x32 ./Generated_Code/can_pal1.o
 .ARM.attributes
                0x000003ef       0x1e c:/nxp/s32ds_arm_v2018.r1/cross_tools/gcc-6.3-arm32-eabi/bin/../lib/gcc/arm-none-eabi/6.3.1/thumb/v6-m\libgcc.a(_udivsi3.o)
 .ARM.attributes
                0x0000040d       0x1e c:/nxp/s32ds_arm_v2018.r1/cross_tools/gcc-6.3-arm32-eabi/bin/../lib/gcc/arm-none-eabi/6.3.1/thumb/v6-m\libgcc.a(_dvmd_tls.o)
 .ARM.attributes
                0x0000042b       0x2c C:/NXP/S32DS_ARM_v2018.R1/Cross_Tools/gcc-6.3-arm32-eabi/arm-none-eabi/newlib/lib/thumb/v6-m\libc_nano.a(lib_a-memset.o)
                0x00000001                ASSERT ((__StackLimit >= __HeapLimit), region m_data_2 overflowed with stack and heap)
OUTPUT(can_pal_s32k116_2.elf elf32-littlearm)

.debug_info     0x00000000    0x1ed77
 .debug_info    0x00000000     0x21d7 ./Sources/main.o
 .debug_info    0x000021d7      0xb51 ./SDK/rtos/osif/osif_baremetal.o
 .debug_info    0x00002d28     0x20bc ./SDK/platform/pal/src/can/can_pal.o
 .debug_info    0x00004de4      0x72c ./SDK/platform/drivers/src/pins/pins_port_hw_access.o
 .debug_info    0x00005510     0x13f0 ./SDK/platform/drivers/src/pins/pins_driver.o
 .debug_info    0x00006900      0x97c ./SDK/platform/drivers/src/interrupt/interrupt_manager.o
 .debug_info    0x0000727c     0x176c ./SDK/platform/drivers/src/flexio/flexio_common.o
 .debug_info    0x000089e8       0xc8 ./SDK/platform/drivers/src/flexcan/flexcan_irq.o
 .debug_info    0x00008ab0     0x1fc4 ./SDK/platform/drivers/src/flexcan/flexcan_hw_access.o
 .debug_info    0x0000aa74     0x5470 ./SDK/platform/drivers/src/flexcan/flexcan_driver.o
 .debug_info    0x0000fee4      0x515 ./SDK/platform/drivers/src/edma/edma_irq.o
 .debug_info    0x000103f9      0xa51 ./SDK/platform/drivers/src/edma/edma_hw_access.o
 .debug_info    0x00010e4a     0x468d ./SDK/platform/drivers/src/edma/edma_driver.o
 .debug_info    0x000154d7     0x561a ./SDK/platform/drivers/src/clock/S32K1xx/clock_S32K1xx.o
 .debug_info    0x0001aaf1      0x295 ./SDK/platform/devices/startup.o
 .debug_info    0x0001ad86      0x3f3 ./SDK/platform/devices/S32K116/startup/system_S32K116.o
 .debug_info    0x0001b179       0x26 ./Project_Settings/Startup_Code/startup_S32K116.o
 .debug_info    0x0001b19f      0x404 ./Generated_Code/pin_mux.o
 .debug_info    0x0001b5a3     0x1bf8 ./Generated_Code/clockMan1.o
 .debug_info    0x0001d19b     0x1bdc ./Generated_Code/can_pal1.o

.debug_abbrev   0x00000000     0x2dc1
 .debug_abbrev  0x00000000      0x225 ./Sources/main.o
 .debug_abbrev  0x00000225      0x315 ./SDK/rtos/osif/osif_baremetal.o
 .debug_abbrev  0x0000053a      0x324 ./SDK/platform/pal/src/can/can_pal.o
 .debug_abbrev  0x0000085e      0x1f1 ./SDK/platform/drivers/src/pins/pins_port_hw_access.o
 .debug_abbrev  0x00000a4f      0x2fc ./SDK/platform/drivers/src/pins/pins_driver.o
 .debug_abbrev  0x00000d4b      0x243 ./SDK/platform/drivers/src/interrupt/interrupt_manager.o
 .debug_abbrev  0x00000f8e      0x373 ./SDK/platform/drivers/src/flexio/flexio_common.o
 .debug_abbrev  0x00001301       0x6d ./SDK/platform/drivers/src/flexcan/flexcan_irq.o
 .debug_abbrev  0x0000136e      0x403 ./SDK/platform/drivers/src/flexcan/flexcan_hw_access.o
 .debug_abbrev  0x00001771      0x47f ./SDK/platform/drivers/src/flexcan/flexcan_driver.o
 .debug_abbrev  0x00001bf0      0x1aa ./SDK/platform/drivers/src/edma/edma_irq.o
 .debug_abbrev  0x00001d9a      0x240 ./SDK/platform/drivers/src/edma/edma_hw_access.o
 .debug_abbrev  0x00001fda      0x437 ./SDK/platform/drivers/src/edma/edma_driver.o
 .debug_abbrev  0x00002411      0x423 ./SDK/platform/drivers/src/clock/S32K1xx/clock_S32K1xx.o
 .debug_abbrev  0x00002834       0xe1 ./SDK/platform/devices/startup.o
 .debug_abbrev  0x00002915      0x14c ./SDK/platform/devices/S32K116/startup/system_S32K116.o
 .debug_abbrev  0x00002a61       0x14 ./Project_Settings/Startup_Code/startup_S32K116.o
 .debug_abbrev  0x00002a75       0xcd ./Generated_Code/pin_mux.o
 .debug_abbrev  0x00002b42      0x146 ./Generated_Code/clockMan1.o
 .debug_abbrev  0x00002c88      0x139 ./Generated_Code/can_pal1.o

.debug_loc      0x00000000    0x10cd7
 .debug_loc     0x00000000       0x61 ./Sources/main.o
 .debug_loc     0x00000061      0x38b ./SDK/rtos/osif/osif_baremetal.o
 .debug_loc     0x000003ec     0x15a6 ./SDK/platform/pal/src/can/can_pal.o
 .debug_loc     0x00001992      0x395 ./SDK/platform/drivers/src/pins/pins_port_hw_access.o
 .debug_loc     0x00001d27      0x9d7 ./SDK/platform/drivers/src/pins/pins_driver.o
 .debug_loc     0x000026fe      0x655 ./SDK/platform/drivers/src/interrupt/interrupt_manager.o
 .debug_loc     0x00002d53      0xbd7 ./SDK/platform/drivers/src/flexio/flexio_common.o
 .debug_loc     0x0000392a     0x200c ./SDK/platform/drivers/src/flexcan/flexcan_hw_access.o
 .debug_loc     0x00005936     0x36b4 ./SDK/platform/drivers/src/flexcan/flexcan_driver.o
 .debug_loc     0x00008fea       0x63 ./SDK/platform/drivers/src/edma/edma_irq.o
 .debug_loc     0x0000904d      0x894 ./SDK/platform/drivers/src/edma/edma_hw_access.o
 .debug_loc     0x000098e1     0x31f7 ./SDK/platform/drivers/src/edma/edma_driver.o
 .debug_loc     0x0000cad8     0x410d ./SDK/platform/drivers/src/clock/S32K1xx/clock_S32K1xx.o
 .debug_loc     0x00010be5       0x32 ./SDK/platform/devices/startup.o
 .debug_loc     0x00010c17       0xc0 ./SDK/platform/devices/S32K116/startup/system_S32K116.o

.debug_aranges  0x00000000      0x978
 .debug_aranges
                0x00000000       0x38 ./Sources/main.o
 .debug_aranges
                0x00000038       0x70 ./SDK/rtos/osif/osif_baremetal.o
 .debug_aranges
                0x000000a8       0xa8 ./SDK/platform/pal/src/can/can_pal.o
 .debug_aranges
                0x00000150       0x38 ./SDK/platform/drivers/src/pins/pins_port_hw_access.o
 .debug_aranges
                0x00000188       0xd0 ./SDK/platform/drivers/src/pins/pins_driver.o
 .debug_aranges
                0x00000258       0x68 ./SDK/platform/drivers/src/interrupt/interrupt_manager.o
 .debug_aranges
                0x000002c0       0x48 ./SDK/platform/drivers/src/flexio/flexio_common.o
 .debug_aranges
                0x00000308       0x28 ./SDK/platform/drivers/src/flexcan/flexcan_irq.o
 .debug_aranges
                0x00000330       0xe8 ./SDK/platform/drivers/src/flexcan/flexcan_hw_access.o
 .debug_aranges
                0x00000418      0x190 ./SDK/platform/drivers/src/flexcan/flexcan_driver.o
 .debug_aranges
                0x000005a8       0x40 ./SDK/platform/drivers/src/edma/edma_irq.o
 .debug_aranges
                0x000005e8       0x88 ./SDK/platform/drivers/src/edma/edma_hw_access.o
 .debug_aranges
                0x00000670      0x140 ./SDK/platform/drivers/src/edma/edma_driver.o
 .debug_aranges
                0x000007b0      0x110 ./SDK/platform/drivers/src/clock/S32K1xx/clock_S32K1xx.o
 .debug_aranges
                0x000008c0       0x20 ./SDK/platform/devices/startup.o
 .debug_aranges
                0x000008e0       0x30 ./SDK/platform/devices/S32K116/startup/system_S32K116.o
 .debug_aranges
                0x00000910       0x20 ./Project_Settings/Startup_Code/startup_S32K116.o
 .debug_aranges
                0x00000930       0x18 ./Generated_Code/pin_mux.o
 .debug_aranges
                0x00000948       0x18 ./Generated_Code/clockMan1.o
 .debug_aranges
                0x00000960       0x18 ./Generated_Code/can_pal1.o

.debug_ranges   0x00000000      0xdf8
 .debug_ranges  0x00000000       0x28 ./Sources/main.o
 .debug_ranges  0x00000028       0x98 ./SDK/rtos/osif/osif_baremetal.o
 .debug_ranges  0x000000c0       0xe0 ./SDK/platform/pal/src/can/can_pal.o
 .debug_ranges  0x000001a0       0x28 ./SDK/platform/drivers/src/pins/pins_port_hw_access.o
 .debug_ranges  0x000001c8       0xd8 ./SDK/platform/drivers/src/pins/pins_driver.o
 .debug_ranges  0x000002a0       0x88 ./SDK/platform/drivers/src/interrupt/interrupt_manager.o
 .debug_ranges  0x00000328       0x98 ./SDK/platform/drivers/src/flexio/flexio_common.o
 .debug_ranges  0x000003c0       0x18 ./SDK/platform/drivers/src/flexcan/flexcan_irq.o
 .debug_ranges  0x000003d8      0x150 ./SDK/platform/drivers/src/flexcan/flexcan_hw_access.o
 .debug_ranges  0x00000528      0x2d0 ./SDK/platform/drivers/src/flexcan/flexcan_driver.o
 .debug_ranges  0x000007f8       0x30 ./SDK/platform/drivers/src/edma/edma_irq.o
 .debug_ranges  0x00000828       0x90 ./SDK/platform/drivers/src/edma/edma_hw_access.o
 .debug_ranges  0x000008b8      0x1a8 ./SDK/platform/drivers/src/edma/edma_driver.o
 .debug_ranges  0x00000a60      0x368 ./SDK/platform/drivers/src/clock/S32K1xx/clock_S32K1xx.o
 .debug_ranges  0x00000dc8       0x10 ./SDK/platform/devices/startup.o
 .debug_ranges  0x00000dd8       0x20 ./SDK/platform/devices/S32K116/startup/system_S32K116.o

.debug_macro    0x00000000    0x1c339
 .debug_macro   0x00000000      0x214 ./Sources/main.o
 .debug_macro   0x00000214      0x8c2 ./Sources/main.o
 .debug_macro   0x00000ad6       0x10 ./Sources/main.o
 .debug_macro   0x00000ae6       0x73 ./Sources/main.o
 .debug_macro   0x00000b59       0x16 ./Sources/main.o
 .debug_macro   0x00000b6f       0x22 ./Sources/main.o
 .debug_macro   0x00000b91       0x4f ./Sources/main.o
 .debug_macro   0x00000be0       0x51 ./Sources/main.o
 .debug_macro   0x00000c31       0xef ./Sources/main.o
 .debug_macro   0x00000d20       0x6a ./Sources/main.o
 .debug_macro   0x00000d8a      0x1df ./Sources/main.o
 .debug_macro   0x00000f69     0xc7d6 ./Sources/main.o
 .debug_macro   0x0000d73f      0x9bd ./Sources/main.o
 .debug_macro   0x0000e0fc       0x22 ./Sources/main.o
 .debug_macro   0x0000e11e       0x83 ./Sources/main.o
 .debug_macro   0x0000e1a1       0x10 ./Sources/main.o
 .debug_macro   0x0000e1b1      0x16d ./Sources/main.o
 .debug_macro   0x0000e31e       0x16 ./Sources/main.o
 .debug_macro   0x0000e334       0x16 ./Sources/main.o
 .debug_macro   0x0000e34a       0x22 ./Sources/main.o
 .debug_macro   0x0000e36c       0x22 ./Sources/main.o
 .debug_macro   0x0000e38e       0x16 ./Sources/main.o
 .debug_macro   0x0000e3a4       0x10 ./Sources/main.o
 .debug_macro   0x0000e3b4       0xfb ./SDK/rtos/osif/osif_baremetal.o
 .debug_macro   0x0000e4af     0xc7e8 ./SDK/rtos/osif/osif_baremetal.o
 .debug_macro   0x0001ac97      0x100 ./SDK/platform/pal/src/can/can_pal.o
 .debug_macro   0x0001ad97       0x10 ./SDK/platform/pal/src/can/can_pal.o
 .debug_macro   0x0001ada7       0xdd ./SDK/platform/drivers/src/pins/pins_port_hw_access.o
 .debug_macro   0x0001ae84       0xdd ./SDK/platform/drivers/src/pins/pins_driver.o
 .debug_macro   0x0001af61       0xb6 ./SDK/platform/drivers/src/interrupt/interrupt_manager.o
 .debug_macro   0x0001b017      0x107 ./SDK/platform/drivers/src/flexio/flexio_common.o
 .debug_macro   0x0001b11e       0xb6 ./SDK/platform/drivers/src/flexcan/flexcan_irq.o
 .debug_macro   0x0001b1d4      0x165 ./SDK/platform/drivers/src/flexcan/flexcan_hw_access.o
 .debug_macro   0x0001b339       0x4c ./SDK/platform/drivers/src/flexcan/flexcan_hw_access.o
 .debug_macro   0x0001b385       0x55 ./SDK/platform/drivers/src/flexcan/flexcan_hw_access.o
 .debug_macro   0x0001b3da       0x3c ./SDK/platform/drivers/src/flexcan/flexcan_hw_access.o
 .debug_macro   0x0001b416       0x9c ./SDK/platform/drivers/src/flexcan/flexcan_hw_access.o
 .debug_macro   0x0001b4b2       0x16 ./SDK/platform/drivers/src/flexcan/flexcan_hw_access.o
 .debug_macro   0x0001b4c8       0x57 ./SDK/platform/drivers/src/flexcan/flexcan_hw_access.o
 .debug_macro   0x0001b51f      0x186 ./SDK/platform/drivers/src/flexcan/flexcan_hw_access.o
 .debug_macro   0x0001b6a5      0x19b ./SDK/platform/drivers/src/flexcan/flexcan_driver.o
 .debug_macro   0x0001b840       0xd0 ./SDK/platform/drivers/src/edma/edma_irq.o
 .debug_macro   0x0001b910       0xcc ./SDK/platform/drivers/src/edma/edma_hw_access.o
 .debug_macro   0x0001b9dc       0xf7 ./SDK/platform/drivers/src/edma/edma_driver.o
 .debug_macro   0x0001bad3      0x283 ./SDK/platform/drivers/src/clock/S32K1xx/clock_S32K1xx.o
 .debug_macro   0x0001bd56       0xb6 ./SDK/platform/devices/startup.o
 .debug_macro   0x0001be0c       0x40 ./SDK/platform/devices/startup.o
 .debug_macro   0x0001be4c       0xb5 ./SDK/platform/devices/S32K116/startup/system_S32K116.o
 .debug_macro   0x0001bf01       0xdc ./Generated_Code/pin_mux.o
 .debug_macro   0x0001bfdd      0x1ac ./Generated_Code/clockMan1.o
 .debug_macro   0x0001c189      0x1b0 ./Generated_Code/can_pal1.o

.debug_line     0x00000000     0x9a07
 .debug_line    0x00000000      0x736 ./Sources/main.o
 .debug_line    0x00000736      0x614 ./SDK/rtos/osif/osif_baremetal.o
 .debug_line    0x00000d4a      0xb72 ./SDK/platform/pal/src/can/can_pal.o
 .debug_line    0x000018bc      0x55d ./SDK/platform/drivers/src/pins/pins_port_hw_access.o
 .debug_line    0x00001e19      0x71e ./SDK/platform/drivers/src/pins/pins_driver.o
 .debug_line    0x00002537      0x5ef ./SDK/platform/drivers/src/interrupt/interrupt_manager.o
 .debug_line    0x00002b26      0x666 ./SDK/platform/drivers/src/flexio/flexio_common.o
 .debug_line    0x0000318c      0x3d2 ./SDK/platform/drivers/src/flexcan/flexcan_irq.o
 .debug_line    0x0000355e      0xb26 ./SDK/platform/drivers/src/flexcan/flexcan_hw_access.o
 .debug_line    0x00004084     0x118c ./SDK/platform/drivers/src/flexcan/flexcan_driver.o
 .debug_line    0x00005210      0x4a0 ./SDK/platform/drivers/src/edma/edma_irq.o
 .debug_line    0x000056b0      0x60d ./SDK/platform/drivers/src/edma/edma_hw_access.o
 .debug_line    0x00005cbd     0x10e6 ./SDK/platform/drivers/src/edma/edma_driver.o
 .debug_line    0x00006da3     0x12bb ./SDK/platform/drivers/src/clock/S32K1xx/clock_S32K1xx.o
 .debug_line    0x0000805e      0x392 ./SDK/platform/devices/startup.o
 .debug_line    0x000083f0      0x408 ./SDK/platform/devices/S32K116/startup/system_S32K116.o
 .debug_line    0x000087f8       0xcf ./Project_Settings/Startup_Code/startup_S32K116.o
 .debug_line    0x000088c7      0x3db ./Generated_Code/pin_mux.o
 .debug_line    0x00008ca2      0x6b3 ./Generated_Code/clockMan1.o
 .debug_line    0x00009355      0x6b2 ./Generated_Code/can_pal1.o

.debug_str      0x00000000    0x62872
 .debug_str     0x00000000    0x5ae6c ./Sources/main.o
                              0x5b28b (size before relaxing)
 .debug_str     0x0005ae6c      0x28d ./SDK/rtos/osif/osif_baremetal.o
                              0x58f88 (size before relaxing)
 .debug_str     0x0005b0f9      0xd2a ./SDK/platform/pal/src/can/can_pal.o
                              0x5996d (size before relaxing)
 .debug_str     0x0005be23      0x1be ./SDK/platform/drivers/src/pins/pins_port_hw_access.o
                              0x584c7 (size before relaxing)
 .debug_str     0x0005bfe1      0x3f0 ./SDK/platform/drivers/src/pins/pins_driver.o
                              0x59158 (size before relaxing)
 .debug_str     0x0005c3d1      0x209 ./SDK/platform/drivers/src/interrupt/interrupt_manager.o
                              0x58111 (size before relaxing)
 .debug_str     0x0005c5da      0x70c ./SDK/platform/drivers/src/flexio/flexio_common.o
                              0x59881 (size before relaxing)
 .debug_str     0x0005cce6       0xc3 ./SDK/platform/drivers/src/flexcan/flexcan_irq.o
                              0x57cde (size before relaxing)
 .debug_str     0x0005cda9     0x18e7 ./SDK/platform/drivers/src/flexcan/flexcan_hw_access.o
                              0x5a4a9 (size before relaxing)
 .debug_str     0x0005e690      0xb7a ./SDK/platform/drivers/src/flexcan/flexcan_driver.o
                              0x5bb5f (size before relaxing)
 .debug_str     0x0005f20a      0x1e5 ./SDK/platform/drivers/src/edma/edma_irq.o
                              0x5822e (size before relaxing)
 .debug_str     0x0005f3ef      0x44b ./SDK/platform/drivers/src/edma/edma_hw_access.o
                              0x585bb (size before relaxing)
 .debug_str     0x0005f83a      0xbed ./SDK/platform/drivers/src/edma/edma_driver.o
                              0x5a79d (size before relaxing)
 .debug_str     0x00060427     0x1f19 ./SDK/platform/drivers/src/clock/S32K1xx/clock_S32K1xx.o
                              0x5bc94 (size before relaxing)
 .debug_str     0x00062340      0x38c ./SDK/platform/devices/startup.o
                              0x5808a (size before relaxing)
 .debug_str     0x000626cc       0xd3 ./SDK/platform/devices/S32K116/startup/system_S32K116.o
                              0x57e9c (size before relaxing)
 .debug_str     0x0006279f       0x7c ./Project_Settings/Startup_Code/startup_S32K116.o
                                 0xdb (size before relaxing)
 .debug_str     0x0006281b       0x1c ./Generated_Code/pin_mux.o
                              0x5839c (size before relaxing)
 .debug_str     0x00062837       0x1e ./Generated_Code/clockMan1.o
                              0x5ad3b (size before relaxing)
 .debug_str     0x00062855       0x1d ./Generated_Code/can_pal1.o
                              0x5ad3a (size before relaxing)

.comment        0x00000000       0xa0
 .comment       0x00000000       0xa0 ./Sources/main.o
                                 0xa1 (size before relaxing)
 .comment       0x000000a0       0xa1 ./SDK/rtos/osif/osif_baremetal.o
 .comment       0x000000a0       0xa1 ./SDK/platform/pal/src/can/can_pal.o
 .comment       0x000000a0       0xa1 ./SDK/platform/drivers/src/pins/pins_port_hw_access.o
 .comment       0x000000a0       0xa1 ./SDK/platform/drivers/src/pins/pins_driver.o
 .comment       0x000000a0       0xa1 ./SDK/platform/drivers/src/interrupt/interrupt_manager.o
 .comment       0x000000a0       0xa1 ./SDK/platform/drivers/src/flexio/flexio_common.o
 .comment       0x000000a0       0xa1 ./SDK/platform/drivers/src/flexcan/flexcan_irq.o
 .comment       0x000000a0       0xa1 ./SDK/platform/drivers/src/flexcan/flexcan_hw_access.o
 .comment       0x000000a0       0xa1 ./SDK/platform/drivers/src/flexcan/flexcan_driver.o
 .comment       0x000000a0       0xa1 ./SDK/platform/drivers/src/edma/edma_irq.o
 .comment       0x000000a0       0xa1 ./SDK/platform/drivers/src/edma/edma_hw_access.o
 .comment       0x000000a0       0xa1 ./SDK/platform/drivers/src/edma/edma_driver.o
 .comment       0x000000a0       0xa1 ./SDK/platform/drivers/src/clock/S32K1xx/clock_S32K1xx.o
 .comment       0x000000a0       0xa1 ./SDK/platform/devices/startup.o
 .comment       0x000000a0       0xa1 ./SDK/platform/devices/S32K116/startup/system_S32K116.o
 .comment       0x000000a0       0xa1 ./Generated_Code/pin_mux.o
 .comment       0x000000a0       0xa1 ./Generated_Code/clockMan1.o
 .comment       0x000000a0       0xa1 ./Generated_Code/can_pal1.o

.debug_frame    0x00000000     0x188c
 .debug_frame   0x00000000       0x80 ./Sources/main.o
 .debug_frame   0x00000080       0xf4 ./SDK/rtos/osif/osif_baremetal.o
 .debug_frame   0x00000174      0x228 ./SDK/platform/pal/src/can/can_pal.o
 .debug_frame   0x0000039c       0x74 ./SDK/platform/drivers/src/pins/pins_port_hw_access.o
 .debug_frame   0x00000410      0x1dc ./SDK/platform/drivers/src/pins/pins_driver.o
 .debug_frame   0x000005ec       0xc8 ./SDK/platform/drivers/src/interrupt/interrupt_manager.o
 .debug_frame   0x000006b4       0xc4 ./SDK/platform/drivers/src/flexio/flexio_common.o
 .debug_frame   0x00000778       0x40 ./SDK/platform/drivers/src/flexcan/flexcan_irq.o
 .debug_frame   0x000007b8      0x2ac ./SDK/platform/drivers/src/flexcan/flexcan_hw_access.o
 .debug_frame   0x00000a64      0x510 ./SDK/platform/drivers/src/flexcan/flexcan_driver.o
 .debug_frame   0x00000f74       0x8c ./SDK/platform/drivers/src/edma/edma_irq.o
 .debug_frame   0x00001000      0x138 ./SDK/platform/drivers/src/edma/edma_hw_access.o
 .debug_frame   0x00001138      0x384 ./SDK/platform/drivers/src/edma/edma_driver.o
 .debug_frame   0x000014bc      0x31c ./SDK/platform/drivers/src/clock/S32K1xx/clock_S32K1xx.o
 .debug_frame   0x000017d8       0x2c ./SDK/platform/devices/startup.o
 .debug_frame   0x00001804       0x48 ./SDK/platform/devices/S32K116/startup/system_S32K116.o
 .debug_frame   0x0000184c       0x20 c:/nxp/s32ds_arm_v2018.r1/cross_tools/gcc-6.3-arm32-eabi/bin/../lib/gcc/arm-none-eabi/6.3.1/thumb/v6-m\libgcc.a(_udivsi3.o)
 .debug_frame   0x0000186c       0x20 C:/NXP/S32DS_ARM_v2018.R1/Cross_Tools/gcc-6.3-arm32-eabi/arm-none-eabi/newlib/lib/thumb/v6-m\libc_nano.a(lib_a-memset.o)
